* using log directory 'C:/git_repositories/webexercises/revdep/checks/theorytools/old/theorytools.Rcheck'
* using R version 4.6.0 (2026-04-24 ucrt)
* using platform: x86_64-w64-mingw32
* R was compiled by
    gcc.exe (GCC) 14.3.0
    GNU Fortran (GCC) 14.3.0
* running under: Windows 11 x64 (build 26200)
* using session charset: UTF-8
* current time: 2026-09-09 06:08:01 UTC
* using options '--no-manual --no-build-vignettes'
* checking for file 'theorytools/DESCRIPTION' ... OK
* checking extension type ... Package
* this is package 'theorytools' version '0.1.3'
* package encoding: UTF-8
* checking package namespace information ... OK
* checking package dependencies ... OK
* checking if this is a source package ... OK
* checking if there is a namespace ... OK
* checking for executable files ... OK
* checking for hidden files and directories ... OK
* checking for portable file names ... OK
* checking whether package 'theorytools' can be installed ... OK
* checking installed package size ... OK
* checking package directory ... OK
* checking 'build' directory ... OK
* checking DESCRIPTION meta-information ... OK
* checking top-level files ... OK
* checking for left-over files ... OK
* checking index information ... OK
* checking package subdirectories ... OK
* checking code files for non-ASCII characters ... OK
* checking R files for syntax errors ... OK
* checking whether the package can be loaded ... OK
* checking whether the package can be loaded with stated dependencies ... OK
* checking whether the package can be unloaded cleanly ... OK
* checking whether the namespace can be loaded with stated dependencies ... OK
* checking whether the namespace can be unloaded cleanly ... OK
* checking loading without being on the library search path ... OK
* checking whether startup messages can be suppressed ... OK
* checking dependencies in R code ... OK
* checking S3 generic/method consistency ... OK
* checking replacement functions ... OK
* checking foreign function calls ... OK
* checking R code for possible problems ... OK
* checking Rd files ... OK
* checking Rd metadata ... OK
* checking Rd cross-references ... OK
* checking for missing documentation entries ... OK
* checking for code/documentation mismatches ... OK
* checking Rd \usage sections ... OK
* checking Rd contents ... OK
* checking for unstated dependencies in examples ... OK
* checking contents of 'data' directory ... OK
* checking data for non-ASCII characters ... OK
* checking LazyData ... OK
* checking data for ASCII and uncompressed saves ... OK
* checking installed files from 'inst/doc' ... OK
* checking files in 'vignettes' ... OK
* checking examples ... OK
* checking for unstated dependencies in 'tests' ... OK
* checking tests ... ERROR
  Running 'testthat.R'
Running the tests in 'tests/testthat.R' failed.
Last 13 lines of output:
  ── Error ('test-create_fair_theory.R:26:5'): create_fair_theory() creates github repo ──
  Error in `gert::git_remote_ls(repo_url)`: No remote is set for this branch
  Backtrace:
      ▆
   1. ├─theorytools:::scoped_tempdir(...) at test-create_fair_theory.R:6:3
   2. │ └─base::force(code)
   3. └─gert::git_remote_ls(repo_url) at test-create_fair_theory.R:26:5
  
  [ FAIL 3 | WARN 1 | SKIP 2 | PASS 53 ]
  Error:
  ! Test failures.
  Warning messages:
  1: package 'usethis' was built under R version 4.6.1 
  2: package 'fs' was built under R version 4.6.1 
  Execution halted
* checking for unstated dependencies in vignettes ... OK
* checking package vignettes ... OK
* checking running R code from vignettes ... OK
  'augmented_dags.Rmd' using 'UTF-8'... OK
  'causal-inference.Rmd' using 'UTF-8'... OK
  'computational_social_science.Rmd' using 'UTF-8'... OK
  'dunning-kruger.Rmd' using 'UTF-8'... OK
  'fair-theory.Rmd' using 'UTF-8'... OK
  'readme.Rmd' using 'UTF-8'... OK
  'updating_theory.Rmd' using 'UTF-8'... OK
* checking re-building of vignette outputs ... SKIPPED
* DONE
Status: 1 ERROR
